Nachammai@DESKTOP-1ACGMQ4 MINGW64 ~/Desktop/Python_Training/Git_Assignment/Exer6 (main)
$ git log --oneline
d203a55 (HEAD -> main) adding file5
054efc8 adding file4
4c47723 adding file1

Nachammai@DESKTOP-1ACGMQ4 MINGW64 ~/Desktop/Python_Training/Git_Assignment/Exer6 (main)
$ git reset --soft 054efc8

Nachammai@DESKTOP-1ACGMQ4 MINGW64 ~/Desktop/Python_Training/Git_Assignment/Exer6 (main)
$ git status
On branch main
Your branch is ahead of 'origin/main' by 2 commits.
  (use "git push" to publish your local commits)

Changes to be committed:
  (use "git restore --staged <file>..." to unstage)
        new file:   file5
