Nachammai@DESKTOP-1ACGMQ4 MINGW64 ~/Desktop/Python_Training/Git_Assignment (main)
$ cd Exer5

Nachammai@DESKTOP-1ACGMQ4 MINGW64 ~/Desktop/Python_Training/Git_Assignment/Exer5 (main)
$ ls
file1  file2  file3

Nachammai@DESKTOP-1ACGMQ4 MINGW64 ~/Desktop/Python_Training/Git_Assignment/Exer5 (main)
$ git stash list
stash@{0}: On main: added second line in file1

Nachammai@DESKTOP-1ACGMQ4 MINGW64 ~/Desktop/Python_Training/Git_Assignment/Exer5 (main)
$ git status
On branch main
Your branch is up to date with 'origin/main'.
